
  [32m[1mVITE[22m v5.4.21[39m  [2mready in [0m[1m624[22m[2m[0m ms[22m

  [32m➜[39m  [1mLocal[22m:   [36mhttp://localhost:[1m5191[22m/[39m
[2m  [32m➜[39m  [1mNetwork[22m[2m: use [22m[1m--host[22m[2m to expose[22m
[2m1:52:19 PM[22m [36m[1m[vite][22m[39m [32mhmr update [39m[2m/src/pages/About/About.jsx[22m
[2m1:53:48 PM[22m [36m[1m[vite][22m[39m [32mhmr update [39m[2m/src/pages/About/About.css[22m
[2m1:54:11 PM[22m [36m[1m[vite][22m[39m [32mhmr update [39m[2m/src/pages/About/About.css[22m
[2m1:54:31 PM[22m [36m[1m[vite][22m[39m [32mhmr update [39m[2m/src/pages/About/About.css[22m
[2m1:55:32 PM[22m [36m[1m[vite][22m[39m [32mhmr update [39m[2m/src/pages/About/About.css[22m
[2m1:56:02 PM[22m [36m[1m[vite][22m[39m [32mhmr update [39m[2m/src/pages/About/About.css[22m
[2m1:57:59 PM[22m [36m[1m[vite][22m[39m [32mhmr update [39m[2m/src/pages/About/About.css[22m
[2m1:58:27 PM[22m [36m[1m[vite][22m[39m [32mhmr update [39m[2m/src/pages/About/About.css[22m
[2m1:59:43 PM[22m [36m[1m[vite][22m[39m [32mhmr update [39m[2m/src/components/SiteFoot/SiteFoot.jsx[22m
[2m2:01:01 PM[22m [36m[1m[vite][22m[39m [32mhmr update [39m[2m/src/pages/Create/Create.jsx[22m
[2m2:01:29 PM[22m [36m[1m[vite][22m[39m [32mhmr update [39m[2m/src/pages/Create/Create.jsx[22m
[2m2:01:58 PM[22m [36m[1m[vite][22m[39m [32mhmr update [39m[2m/src/pages/Create/Create.jsx[22m
[2m2:02:04 PM[22m [36m[1m[vite][22m[39m [32mhmr update [39m[2m/src/pages/About/About.css[22m
[2m2:02:54 PM[22m [36m[1m[vite][22m[39m [32mhmr update [39m[2m/src/pages/Create/Create.jsx[22m
[2m2:03:30 PM[22m [36m[1m[vite][22m[39m [32mhmr update [39m[2m/src/pages/Create/Create.jsx[22m
[2m2:04:16 PM[22m [36m[1m[vite][22m[39m [32mhmr update [39m[2m/src/pages/Create/Create.jsx[22m
[2m2:04:21 PM[22m [36m[1m[vite][22m[39m [32mhmr update [39m[2m/src/pages/About/About.css[22m
[2m2:05:02 PM[22m [36m[1m[vite][22m[39m [32mhmr update [39m[2m/src/pages/Create/Create.jsx[22m
[2m2:05:26 PM[22m [36m[1m[vite][22m[39m [32mhmr update [39m[2m/src/pages/Create/Create.jsx[22m
[2m2:06:03 PM[22m [36m[1m[vite][22m[39m [32mhmr update [39m[2m/src/pages/About/About.css[22m
[2m2:06:10 PM[22m [36m[1m[vite][22m[39m [32mhmr update [39m[2m/src/pages/Create/Create.css[22m
[2m2:28:47 PM[22m [36m[1m[vite][22m[39m [32mhmr update [39m[2m/src/pages/Create/Create.jsx[22m
[2m3:26:35 PM[22m [36m[1m[vite][22m[39m [32mhmr update [39m[2m/src/components/Header/Header.jsx[22m
[2m3:26:49 PM[22m [36m[1m[vite][22m[39m [32mhmr update [39m[2m/src/App.jsx[22m
[2m3:46:09 PM[22m [36m[1m[vite][22m[39m [32mhmr update [39m[2m/src/App.jsx[22m
[2m3:46:09 PM[22m [36m[1m[vite][22m[39m [32mhmr update [39m[2m/src/components/Header/Header.jsx[22m
[2m3:46:09 PM[22m [36m[1m[vite][22m[39m [32mhmr update [39m[2m/src/components/Header/Header.css[22m
[2m3:46:28 PM[22m [36m[1m[vite][22m[39m [32mvite.config.js changed, restarting server...[39m
[2m3:46:29 PM[22m [36m[1m[vite][22m[39m server restarted.
