
> higgsfield-rebuild@0.1.0 dev
> vite


  [32m[1mVITE[22m v5.4.21[39m  [2mready in [0m[1m1028[22m[2m[0m ms[22m

  [32m➜[39m  [1mLocal[22m:   [36mhttp://localhost:[1m5173[22m/[39m
[2m  [32m➜[39m  [1mNetwork[22m[2m: use [22m[1m--host[22m[2m to expose[22m
[2m4:02:50 PM[22m [36m[1m[vite][22m[39m [32mpage reload [39m[2mapi/_lib/auth.js[22m
[2m4:02:50 PM[22m [36m[1m[vite][22m[39m [32mpage reload [39m[2mapi/auth.js[22m
[2m4:14:36 PM[22m [36m[1m[vite][22m[39m [32mhmr update [39m[2m/src/pages/Create/Create.jsx[22m
[2m4:15:06 PM[22m [36m[1m[vite][22m[39m [32mhmr update [39m[2m/src/App.jsx, /src/components/AuthModal/AuthModal.jsx, /src/components/Header/Header.jsx, /src/components/UserMenu/UserMenu.jsx[22m
[2m4:15:06 PM[22m [36m[1m[vite][22m[39m [32mhmr update [39m[2m/src/pages/Create/Create.jsx[22m
[2m4:25:12 PM[22m [36m[1m[vite][22m[39m [32mhmr update [39m[2m/src/App.jsx[22m
[2m4:35:48 PM[22m [36m[1m[vite][22m[39m [32mhmr update [39m[2m/src/pages/Explore/Explore.jsx[22m
[2m4:37:00 PM[22m [36m[1m[vite][22m[39m [32mhmr update [39m[2m/src/pages/Explore/Explore.css[22m
[2m4:40:23 PM[22m [36m[1m[vite][22m[39m [32mhmr update [39m[2m/src/pages/Explore/Explore.css[22m
[2m4:40:23 PM[22m [36m[1m[vite][22m[39m [32mhmr update [39m[2m/src/pages/Explore/Explore.css[22m
[2m4:42:45 PM[22m [36m[1m[vite][22m[39m [32mhmr update [39m[2m/src/pages/About/About.css[22m
[2m4:42:45 PM[22m [36m[1m[vite][22m[39m [32mhmr update [39m[2m/src/pages/About/About.css[22m
[2m4:47:08 PM[22m [36m[1m[vite][22m[39m [32mhmr update [39m[2m/src/pages/Explore/Explore.css[22m
[2m4:48:12 PM[22m [36m[1m[vite][22m[39m [32mhmr update [39m[2m/src/pages/Explore/Explore.css[22m
[2m4:50:01 PM[22m [36m[1m[vite][22m[39m [32mhmr update [39m[2m/src/pages/Explore/Explore.css[22m
[2m4:54:45 PM[22m [36m[1m[vite][22m[39m [32mhmr update [39m[2m/src/pages/Explore/Explore.css[22m
[2m5:14:49 PM[22m [36m[1m[vite][22m[39m [32mhmr update [39m[2m/src/App.jsx[22m
[2m5:14:49 PM[22m [36m[1m[vite][22m[39m [32mhmr update [39m[2m/src/pages/About/About.jsx[22m
[2m5:14:49 PM[22m [36m[1m[vite][22m[39m [32mhmr update [39m[2m/src/pages/Home/Home.jsx[22m
[2m5:16:56 PM[22m [36m[1m[vite][22m[39m [32mhmr update [39m[2m/src/pages/Explore/Explore.jsx[22m
[2m5:20:39 PM[22m [36m[1m[vite][22m[39m [32mhmr update [39m[2m/src/pages/Explore/Explore.css[22m
[2m5:22:52 PM[22m [36m[1m[vite][22m[39m [32mhmr update [39m[2m/src/pages/Explore/Explore.css[22m
[2m5:24:26 PM[22m [36m[1m[vite][22m[39m [32mhmr update [39m[2m/src/pages/Explore/Explore.jsx[22m
[2m5:24:26 PM[22m [36m[1m[vite][22m[39m [32mhmr update [39m[2m/src/pages/Explore/Explore.css[22m
[2m5:29:35 PM[22m [36m[1m[vite][22m[39m [32mpage reload [39m[2mapi/fork.js[22m
[2m5:29:35 PM[22m [36m[1m[vite][22m[39m [32mhmr update [39m[2m/src/pages/Create/Create.jsx[22m
[2m5:31:05 PM[22m [36m[1m[vite][22m[39m [32mhmr update [39m[2m/src/pages/Create/Create.jsx[22m
[2m5:43:56 PM[22m [36m[1m[vite][22m[39m [32mhmr update [39m[2m/src/pages/Create/Create.css[22m
