Re-optimizing dependencies because lockfile has changed

  [32m[1mVITE[22m v5.4.21[39m  [2mready in [0m[1m845[22m[2m[0m ms[22m

  [32m➜[39m  [1mLocal[22m:   [36mhttp://localhost:[1m5180[22m/[39m
[2m  [32m➜[39m  [1mNetwork[22m[2m: use [22m[1m--host[22m[2m to expose[22m
[2m11:20:29 PM[22m [36m[1m[vite][22m[39m [32mhmr update [39m[2m/src/components/Hero/Hero.jsx[22m
[2m11:20:52 PM[22m [36m[1m[vite][22m[39m [32mhmr update [39m[2m/src/components/Hero/Hero.css[22m
[2m11:22:00 PM[22m [36m[1m[vite][22m[39m [32mhmr update [39m[2m/src/components/Hero/Hero.css[22m
[2m11:22:19 PM[22m [36m[1m[vite][22m[39m [32mhmr update [39m[2m/src/components/Hero/Hero.css[22m
[2m11:23:03 PM[22m [36m[1m[vite][22m[39m [32mhmr update [39m[2m/src/components/Hero/Hero.css[22m
[2m11:23:28 PM[22m [36m[1m[vite][22m[39m [32mhmr update [39m[2m/src/components/Hero/Hero.css[22m
[2m11:23:52 PM[22m [36m[1m[vite][22m[39m [32mhmr update [39m[2m/src/components/Hero/Hero.css[22m
[2m11:24:14 PM[22m [36m[1m[vite][22m[39m [32mhmr update [39m[2m/src/components/Hero/Hero.css[22m
[2m11:24:35 PM[22m [36m[1m[vite][22m[39m [32mhmr update [39m[2m/src/components/Hero/Hero.css[22m
[2m11:24:59 PM[22m [36m[1m[vite][22m[39m [32mhmr update [39m[2m/src/components/Hero/Hero.css[22m
[2m11:26:25 PM[22m [36m[1m[vite][22m[39m [32mhmr update [39m[2m/src/components/Hero/Hero.css[22m
[2m11:26:51 PM[22m [36m[1m[vite][22m[39m [32mhmr update [39m[2m/src/components/Hero/Hero.css[22m
[2m11:27:15 PM[22m [36m[1m[vite][22m[39m [32mhmr update [39m[2m/src/components/Hero/Hero.css[22m
[2m11:27:41 PM[22m [36m[1m[vite][22m[39m [32mhmr update [39m[2m/src/components/Hero/Hero.css[22m
[2m11:36:22 PM[22m [36m[1m[vite][22m[39m [32mhmr update [39m[2m/src/styles/global.css[22m
[2m11:37:23 PM[22m [36m[1m[vite][22m[39m [32mhmr update [39m[2m/src/styles/global.css[22m
[2m11:38:17 PM[22m [36m[1m[vite][22m[39m [32mpage reload [39m[2mindex.html[22m
[2m11:39:09 PM[22m [36m[1m[vite][22m[39m [32mhmr update [39m[2m/src/styles/global.css[22m
[2m11:41:15 PM[22m [36m[1m[vite][22m[39m [32mhmr update [39m[2m/src/components/Hero/Hero.jsx[22m
[2m11:42:41 PM[22m [36m[1m[vite][22m[39m [32mhmr update [39m[2m/src/components/Hero/Hero.css[22m
[2m11:43:55 PM[22m [36m[1m[vite][22m[39m [32m✨ new dependencies optimized: [33mframer-motion, lucide-react[32m[39m
[2m11:43:55 PM[22m [36m[1m[vite][22m[39m [32m✨ optimized dependencies changed. reloading[39m
[2m11:46:18 PM[22m [36m[1m[vite][22m[39m [32mhmr update [39m[2m/src/components/Hero/Hero.jsx[22m
[2m11:46:53 PM[22m [36m[1m[vite][22m[39m [32mhmr update [39m[2m/src/components/Hero/Hero.css[22m
[2m11:47:24 PM[22m [36m[1m[vite][22m[39m [32mhmr update [39m[2m/src/components/Hero/Hero.css[22m
[2m11:47:53 PM[22m [36m[1m[vite][22m[39m [32mhmr update [39m[2m/src/components/Hero/Hero.css[22m
[2m11:49:37 PM[22m [36m[1m[vite][22m[39m [32mhmr update [39m[2m/src/components/Hero/Hero.jsx[22m
[2m11:50:10 PM[22m [36m[1m[vite][22m[39m [32mhmr update [39m[2m/src/components/Hero/Hero.css[22m
[2m11:52:15 PM[22m [36m[1m[vite][22m[39m [32mhmr update [39m[2m/src/components/Hero/Hero.jsx[22m
[2m11:52:56 PM[22m [36m[1m[vite][22m[39m [32mhmr update [39m[2m/src/components/Hero/Hero.jsx[22m
[2m11:53:35 PM[22m [36m[1m[vite][22m[39m [32mhmr update [39m[2m/src/components/Hero/Hero.jsx[22m
[2m11:54:14 PM[22m [36m[1m[vite][22m[39m [32mhmr update [39m[2m/src/components/Hero/Hero.jsx[22m
[2m11:54:42 PM[22m [36m[1m[vite][22m[39m [32mhmr update [39m[2m/src/components/Hero/Hero.jsx[22m
[2m11:55:16 PM[22m [36m[1m[vite][22m[39m [32mhmr update [39m[2m/src/components/Hero/Hero.css[22m
[2m11:55:47 PM[22m [36m[1m[vite][22m[39m [32mhmr update [39m[2m/src/components/Hero/Hero.css[22m
[2m11:56:20 PM[22m [36m[1m[vite][22m[39m [32mhmr update [39m[2m/src/components/Hero/Hero.css[22m
[2m11:56:49 PM[22m [36m[1m[vite][22m[39m [32mhmr update [39m[2m/src/components/Hero/Hero.css[22m
[2m11:59:30 PM[22m [36m[1m[vite][22m[39m [32mhmr update [39m[2m/src/components/Hero/Hero.css[22m
[2m12:00:00 AM[22m [36m[1m[vite][22m[39m [32mhmr update [39m[2m/src/components/Hero/Hero.css[22m
[2m12:00:31 AM[22m [36m[1m[vite][22m[39m [32mhmr update [39m[2m/src/components/Hero/Hero.css[22m
[2m12:01:05 AM[22m [36m[1m[vite][22m[39m [32mhmr update [39m[2m/src/components/PhotoWall/PhotoWall.css[22m
[2m12:01:40 AM[22m [36m[1m[vite][22m[39m [32mhmr update [39m[2m/src/components/PhotoWall/PhotoWall.jsx[22m
[2m12:05:09 AM[22m [36m[1m[vite][22m[39m [32mhmr update [39m[2m/src/components/PhotoWall/PhotoWall.jsx[22m
[2m12:05:40 AM[22m [36m[1m[vite][22m[39m [32mhmr update [39m[2m/src/components/PhotoWall/PhotoWall.css[22m
[2m12:06:11 AM[22m [36m[1m[vite][22m[39m [32mhmr update [39m[2m/src/components/PhotoWall/PhotoWall.css[22m
[2m12:07:30 AM[22m [36m[1m[vite][22m[39m [32mhmr update [39m[2m/src/components/PhotoWall/PhotoWall.jsx[22m
[2m12:08:20 AM[22m [36m[1m[vite][22m[39m [32mhmr update [39m[2m/src/components/PhotoWall/PhotoWall.css[22m
[2m12:09:04 AM[22m [36m[1m[vite][22m[39m [32mhmr update [39m[2m/src/components/PhotoWall/PhotoWall.css[22m
[2m12:09:51 AM[22m [36m[1m[vite][22m[39m [32mhmr update [39m[2m/src/components/PhotoWall/PhotoWall.css[22m
[2m12:11:53 AM[22m [36m[1m[vite][22m[39m [32mhmr update [39m[2m/src/components/PhotoWall/PhotoWall.jsx[22m
[2m12:11:53 AM[22m [36m[1m[vite][22m[39m [32mhmr update [39m[2m/src/components/PhotoWall/PhotoWall.jsx[22m
[2m12:12:38 AM[22m [36m[1m[vite][22m[39m [32mhmr update [39m[2m/src/components/PhotoWall/PhotoWall.css[22m
[2m12:13:20 AM[22m [36m[1m[vite][22m[39m [32mhmr update [39m[2m/src/components/PhotoWall/PhotoWall.jsx[22m
[2m12:14:01 AM[22m [36m[1m[vite][22m[39m [32mhmr update [39m[2m/src/components/PhotoWall/PhotoWall.css[22m
[2m12:17:41 AM[22m [36m[1m[vite][22m[39m [32mhmr update [39m[2m/src/components/PhotoWall/PhotoWall.css[22m
[2m12:17:41 AM[22m [36m[1m[vite][22m[39m [32mhmr update [39m[2m/src/components/PhotoWall/PhotoWall.jsx[22m
[2m12:18:49 AM[22m [36m[1m[vite][22m[39m [32mhmr update [39m[2m/src/components/PhotoWall/PhotoWall.css[22m
[2m12:22:34 AM[22m [36m[1m[vite][22m[39m [32mhmr update [39m[2m/src/components/PhotoWall/PhotoWall.css[22m
[2m12:23:25 AM[22m [36m[1m[vite][22m[39m [32mhmr update [39m[2m/src/components/PhotoWall/PhotoWall.jsx[22m
[2m12:24:20 AM[22m [36m[1m[vite][22m[39m [32mhmr update [39m[2m/src/components/PhotoWall/PhotoWall.jsx[22m
[2m12:25:07 AM[22m [36m[1m[vite][22m[39m [32mhmr update [39m[2m/src/components/PhotoWall/PhotoWall.css[22m
[2m12:29:49 AM[22m [36m[1m[vite][22m[39m [32mhmr update [39m[2m/src/components/PhotoWall/PhotoWall.jsx[22m
[2m12:29:49 AM[22m [36m[1m[vite][22m[39m [32mhmr update [39m[2m/src/components/PhotoWall/PhotoWall.css[22m
[2m12:38:09 AM[22m [36m[1m[vite][22m[39m [32mhmr update [39m[2m/src/components/PhotoWall/PhotoWall.css[22m
[2m12:41:46 AM[22m [36m[1m[vite][22m[39m [32mhmr update [39m[2m/src/components/PhotoWall/PhotoWall.css[22m
[2m12:43:05 AM[22m [36m[1m[vite][22m[39m [32mhmr update [39m[2m/src/components/PhotoWall/PhotoWall.css[22m
[2m12:46:17 AM[22m [36m[1m[vite][22m[39m [32mhmr update [39m[2m/src/components/PhotoWall/PhotoWall.css[22m
[2m12:51:45 AM[22m [36m[1m[vite][22m[39m [32mhmr update [39m[2m/src/components/PhotoWall/PhotoWall.css[22m
[2m12:54:58 AM[22m [36m[1m[vite][22m[39m [32mhmr update [39m[2m/src/pages/Home/Home.jsx[22m
[2m12:55:08 AM[22m [36m[1m[vite][22m[39m [32mhmr update [39m[2m/src/pages/Home/Home.jsx[22m
[2m12:55:21 AM[22m [36m[1m[vite][22m[39m [32mhmr update [39m[2m/src/pages/Home/Home.jsx[22m
[2m12:55:32 AM[22m [36m[1m[vite][22m[39m [32mhmr update [39m[2m/src/components/PromptFeed/PromptFeed.jsx[22m
[2m12:55:46 AM[22m [36m[1m[vite][22m[39m [32mhmr update [39m[2m/src/pages/Home/Home.css[22m
[2m12:56:25 AM[22m [36m[1m[vite][22m[39m [32mhmr update [39m[2m/src/components/PhotoWall/PhotoWall.css[22m
[2m12:56:26 AM[22m [36m[1m[vite][22m[39m [32mhmr update [39m[2m/src/components/PhotoWall/PhotoWall.css[22m
[2m12:56:29 AM[22m [36m[1m[vite][22m[39m [32mhmr update [39m[2m/src/components/PhotoWall/PhotoWall.css[22m
[2m12:56:31 AM[22m [36m[1m[vite][22m[39m [32mhmr update [39m[2m/src/components/PhotoWall/PhotoWall.css[22m
[2m1:02:32 AM[22m [36m[1m[vite][22m[39m [32mhmr update [39m[2m/src/components/PromptFeed/PromptFeed.jsx[22m
[2m1:02:32 AM[22m [36m[1m[vite][22m[39m [32mhmr update [39m[2m/src/components/PromptFeed/PromptFeed.css[22m
[2m1:02:32 AM[22m [36m[1m[vite][22m[39m [32mpage reload [39m[2msrc/data/feed.js[22m
[2m1:03:02 AM[22m [36m[1m[vite][22m[39m [32mhmr update [39m[2m/src/pages/Home/Home.jsx[22m
[2m1:03:02 AM[22m [36m[1m[vite][22m[39m [32mhmr update [39m[2m/src/pages/Home/Home.css[22m
[2m1:09:27 AM[22m [36m[1m[vite][22m[39m [32mhmr update [39m[2m/src/components/PhotoWall/PhotoWall.jsx[22m
[2m1:09:27 AM[22m [36m[1m[vite][22m[39m [32mhmr update [39m[2m/src/components/PhotoWall/PhotoWall.css[22m
[2m1:09:54 AM[22m [36m[1m[vite][22m[39m [32mpage reload [39m[2m__msprobe.html[22m
[2m1:09:54 AM[22m [36m[1m[vite][22m[39m [32mpage reload [39m[2m__msprobe.html[22m
[2m1:10:04 AM[22m [36m[1m[vite][22m[39m [32mpage reload [39m[2mdist-probe/index.html[22m
[2m1:10:25 AM[22m [36m[1m[vite][22m[39m [32mpage reload [39m[2mdist-probe/index.html[22m
[2m1:10:40 AM[22m [36m[1m[vite][22m[39m [32mpage reload [39m[2m__msprobe.html[22m
[2m1:11:20 AM[22m [36m[1m[vite][22m[39m [32mhmr update [39m[2m/src/components/PhotoWall/PhotoWall.css[22m
[2m1:12:19 AM[22m [36m[1m[vite][22m[39m [32mhmr update [39m[2m/src/pages/Home/Home.jsx[22m
[2m1:16:48 AM[22m [36m[1m[vite][22m[39m [32mpage reload [39m[2m.fd-preview.html[22m
[2m1:16:48 AM[22m [36m[1m[vite][22m[39m [32mpage reload [39m[2m.fd-preview.html[22m
[2m1:25:09 AM[22m [36m[1m[vite][22m[39m [32mpage reload [39m[2m.fd-preview.html[22m
[2m1:28:12 AM[22m [36m[1m[vite][22m[39m [32mhmr update [39m[2m/src/pages/Home/Home.jsx[22m
[2m1:32:03 AM[22m [36m[1m[vite][22m[39m [32mhmr update [39m[2m/src/pages/Home/Home.jsx[22m
[2m1:32:19 AM[22m [36m[1m[vite][22m[39m [32mhmr update [39m[2m/src/pages/Home/Home.css[22m
[2m1:35:31 AM[22m [36m[1m[vite][22m[39m [32mhmr update [39m[2m/src/pages/Home/Home.css[22m
[2m1:38:08 AM[22m [36m[1m[vite][22m[39m [32mhmr update [39m[2m/src/pages/Home/Home.css[22m
[2m1:38:31 AM[22m [36m[1m[vite][22m[39m [32mhmr update [39m[2m/src/pages/Home/Home.css[22m
[2m1:40:36 AM[22m [36m[1m[vite][22m[39m [32mhmr update [39m[2m/src/pages/Home/Home.css[22m
[2m2:01:57 AM[22m [36m[1m[vite][22m[39m [32mhmr update [39m[2m/src/pages/Home/Home.jsx[22m
[2m2:02:29 AM[22m [36m[1m[vite][22m[39m [32mhmr update [39m[2m/src/pages/Home/Home.jsx[22m
[2m10:22:38 AM[22m [36m[1m[vite][22m[39m [32mhmr update [39m[2m/src/App.jsx[22m
[2m10:24:06 AM[22m [36m[1m[vite][22m[39m [32mhmr update [39m[2m/src/App.jsx[22m
[2m11:40:04 AM[22m [36m[1m[vite][22m[39m [32mhmr update [39m[2m/src/App.jsx[22m
[2m12:09:35 PM[22m [36m[1m[vite][22m[39m [32m.env changed, restarting server...[39m
[2m12:09:36 PM[22m [36m[1m[vite][22m[39m server restarted.
[2m12:09:42 PM[22m [36m[1m[vite][22m[39m [32m.env changed, restarting server...[39m
[2m12:09:42 PM[22m [36m[1m[vite][22m[39m server restarted.
[2m12:09:49 PM[22m [36m[1m[vite][22m[39m [32m.env changed, restarting server...[39m
[2m12:09:50 PM[22m [36m[1m[vite][22m[39m server restarted.
[2m12:26:43 PM[22m [36m[1m[vite][22m[39m [32m.env changed, restarting server...[39m
[2m12:26:43 PM[22m [36m[1m[vite][22m[39m server restarted.
[2m12:26:45 PM[22m [36m[1m[vite][22m[39m [32m.env changed, restarting server...[39m
[2m12:26:45 PM[22m [36m[1m[vite][22m[39m server restarted.
[2m12:26:47 PM[22m [36m[1m[vite][22m[39m [32m.env changed, restarting server...[39m
[2m12:26:48 PM[22m [36m[1m[vite][22m[39m server restarted.
[2m12:29:11 PM[22m [36m[1m[vite][22m[39m [32m.env changed, restarting server...[39m
[2m12:29:12 PM[22m [36m[1m[vite][22m[39m server restarted.
[2m12:30:33 PM[22m [36m[1m[vite][22m[39m [32m.env changed, restarting server...[39m
[2m12:30:33 PM[22m [36m[1m[vite][22m[39m server restarted.
[2m12:30:35 PM[22m [36m[1m[vite][22m[39m [32m.env changed, restarting server...[39m
[2m12:30:36 PM[22m [36m[1m[vite][22m[39m server restarted.
[2m12:31:17 PM[22m [36m[1m[vite][22m[39m [32m.env changed, restarting server...[39m
[2m12:31:18 PM[22m [36m[1m[vite][22m[39m server restarted.
